// Jest Snapshot v1, https://goo.gl/fbAQLP

exports[`Rect should renders with correct styles 1`] = `
.emotion-0 {
  height: 2rem;
  width: 4rem;
  border-top: px solid #2F3640;
  border-right: px solid #2F3640;
  border-bottom: px solid #2F3640;
  border-left: px solid #2F3640;
}

<div
  className="emotion-0"
/>
`;
