// Jest Snapshot v1, https://goo.gl/fbAQLP

exports[`ChronoLine should renders ChronoLine with correct styles 1`] = `ShallowWrapper {}`;

exports[`ChronoLine should renders Ellipse with correct styles 1`] = `
.emotion-0 {
  position: absolute;
  width: 1rem;
  height: 1rem;
  border-radius: 25px;
  top: 50%;
  -ms-transform: translateY(-50%);
  -webkit-transform: translateY(-50%);
  -ms-transform: translateY(-50%);
  transform: translateY(-50%);
}

<div
  className="emotion-0"
/>
`;

exports[`ChronoLine should renders Line with correct styles 1`] = `
.emotion-0 {
  margin: 2rem 0;
  display: -webkit-box;
  display: -webkit-flex;
  display: -ms-flexbox;
  display: flex;
  -webkit-box-pack: center;
  -webkit-justify-content: center;
  -ms-flex-pack: center;
  justify-content: center;
  width: 100%;
  height: 5px;
  background: #111;
}

<div
  className="emotion-0"
/>
`;
