// Jest Snapshot v1, https://goo.gl/fbAQLP

exports[`filterButton should renders with correct styles 1`] = `
.emotion-0 {
  position: absolute;
  width: 16px;
  height: 14px;
  top: 2.5rem;
  left: 96%;
}

@media screen and (max-width:999px) {
  .emotion-0 {
    top: 6em;
    left: 80%;
  }
}

@media screen and (max-width:549px) {
  .emotion-0 {
    top: 128px;
    left: 82%;
  }
}

.emotion-1 {
  position: absolute;
  width: 16px;
  height: 14px;
  top: 2.5rem;
  left: 98%;
}

@media screen and (max-width:999px) {
  .emotion-1 {
    top: 6em;
    left: 84%;
  }
}

@media screen and (max-width:549px) {
  .emotion-1 {
    top: 128px;
    left: 88%;
  }
}

<a
  href="/"
  onClick={[Function]}
>
  <div
    className="emotion-0"
  />
  <div
    className="emotion-1"
  />
</a>
`;
