// Jest Snapshot v1, https://goo.gl/fbAQLP

exports[`Nav renders with correct style 1`] = `
.emotion-0 {
  width: 80px;
  height: 100vh;
  background: #29AAE2;
  display: -webkit-box;
  display: -webkit-flex;
  display: -ms-flexbox;
  display: flex;
  -webkit-flex-direction: column;
  -ms-flex-direction: column;
  flex-direction: column;
  padding: 10rem 0;
  position: fixed;
}

@media screen and (max-width:549px) {
  .emotion-0 {
    position: absolute;
    width: 100%;
    height: 50px;
    -webkit-flex-direction: row;
    -ms-flex-direction: row;
    flex-direction: row;
    padding: 0 0;
    top: 0;
  }
}

<div
  className="emotion-0"
/>
`;
