// Jest Snapshot v1, https://goo.gl/fbAQLP

exports[`Text renders with correct styles 1`] = `
.emotion-2 {
  font-weight: bold;
  text-transform: uppercase;
}

.emotion-0 {
  font-size: 1.4em;
  padding: 1rem;
}

.emotion-1 {
  margin-top: 1em;
  font-size: 1rem;
}

@media screen and (max-width:549px) {
  .emotion-1 {
    font-size: 4vmin;
  }
}

<span
  className="emotion-2"
>
  <h3
    className="emotion-0"
  />
  <p
    className="emotion-1"
  />
</span>
`;
